"Falha no endpoint /api/bot/products, recebendo 404" // tests/Feature/BotApiIntegrationTest.php:36
{#6675
  +"message": "The route verdurao/api/bot/products could not be found."
  +"exception": "Symfony\Component\HttpKernel\Exception\NotFoundHttpException"
  +"file": "/var/www/html/vendor/laravel/framework/src/Illuminate/Routing/AbstractRouteCollection.php"
  +"line": 44
  +"trace": array:39 [
    0 => {#4769
      +"file": "/var/www/html/vendor/laravel/framework/src/Illuminate/Routing/RouteCollection.php"
      +"line": 162
      +"function": "handleMatchedRoute"
      +"class": "Illuminate\Routing\AbstractRouteCollection"
      +"type": "->"
    }
    1 => {#6265
      +"file": "/var/www/html/vendor/laravel/framework/src/Illuminate/Routing/Router.php"
      +"line": 761
      +"function": "match"
      +"class": "Illuminate\Routing\RouteCollection"
      +"type": "->"
    }
    2 => {#6681
      +"file": "/var/www/html/vendor/laravel/framework/src/Illuminate/Routing/Router.php"
      +"line": 748
      +"function": "findRoute"
      +"class": "Illuminate\Routing\Router"
      +"type": "->"
    }
    3 => {#6266
      +"file": "/var/www/html/vendor/laravel/framework/src/Illuminate/Routing/Router.php"
      +"line": 737
      +"function": "dispatchToRoute"
      +"class": "Illuminate\Routing\Router"
      +"type": "->"
    }
    4 => {#6651
      +"file": "/var/www/html/vendor/laravel/framework/src/Illuminate/Foundation/Http/Kernel.php"
      +"line": 200
      +"function": "dispatch"
      +"class": "Illuminate\Routing\Router"
      +"type": "->"
    }
    5 => {#6654
      +"file": "/var/www/html/vendor/laravel/framework/src/Illuminate/Pipeline/Pipeline.php"
      +"line": 144
      +"function": "Illuminate\Foundation\Http\{closure}"
      +"class": "Illuminate\Foundation\Http\Kernel"
      +"type": "->"
    }
    6 => {#6653
      +"file": "/var/www/html/vendor/livewire/livewire/src/Features/SupportDisablingBackButtonCache/DisableBackButtonCacheMiddleware.php"
      +"line": 19
      +"function": "Illuminate\Pipeline\{closure}"
      +"class": "Illuminate\Pipeline\Pipeline"
      +"type": "->"
    }
    7 => {#3474
      +"file": "/var/www/html/vendor/laravel/framework/src/Illuminate/Pipeline/Pipeline.php"
      +"line": 183
      +"function": "handle"
      +"class": "Livewire\Features\SupportDisablingBackButtonCache\DisableBackButtonCacheMiddleware"
      +"type": "->"
    }
    8 => {#6660
      +"file": "/var/www/html/vendor/laravel/framework/src/Illuminate/Foundation/Http/Middleware/TransformsRequest.php"
      +"line": 21
      +"function": "Illuminate\Pipeline\{closure}"
      +"class": "Illuminate\Pipeline\Pipeline"
      +"type": "->"
    }
    9 => {#6661
      +"file": "/var/www/html/vendor/laravel/framework/src/Illuminate/Foundation/Http/Middleware/ConvertEmptyStringsToNull.php"
      +"line": 31
      +"function": "handle"
      +"class": "Illuminate\Foundation\Http\Middleware\TransformsRequest"
      +"type": "->"
    }
    10 => {#6656
      +"file": "/var/www/html/vendor/laravel/framework/src/Illuminate/Pipeline/Pipeline.php"
      +"line": 183
      +"function": "handle"
      +"class": "Illuminate\Foundation\Http\Middleware\ConvertEmptyStringsToNull"
      +"type": "->"
    }
    11 => {#6659
      +"file": "/var/www/html/vendor/laravel/framework/src/Illuminate/Foundation/Http/Middleware/TransformsRequest.php"
      +"line": 21
      +"function": "Illuminate\Pipeline\{closure}"
      +"class": "Illuminate\Pipeline\Pipeline"
      +"type": "->"
    }
    12 => {#6647
      +"file": "/var/www/html/vendor/laravel/framework/src/Illuminate/Foundation/Http/Middleware/TrimStrings.php"
      +"line": 40
      +"function": "handle"
      +"class": "Illuminate\Foundation\Http\Middleware\TransformsRequest"
      +"type": "->"
    }
    13 => {#6648
      +"file": "/var/www/html/vendor/laravel/framework/src/Illuminate/Pipeline/Pipeline.php"
      +"line": 183
      +"function": "handle"
      +"class": "Illuminate\Foundation\Http\Middleware\TrimStrings"
      +"type": "->"
    }
    14 => {#6829
      +"file": "/var/www/html/vendor/laravel/framework/src/Illuminate/Foundation/Http/Middleware/ValidatePostSize.php"
      +"line": 27
      +"function": "Illuminate\Pipeline\{closure}"
      +"class": "Illuminate\Pipeline\Pipeline"
      +"type": "->"
    }
    15 => {#6946
      +"file": "/var/www/html/vendor/laravel/framework/src/Illuminate/Pipeline/Pipeline.php"
      +"line": 183
      +"function": "handle"
      +"class": "Illuminate\Foundation\Http\Middleware\ValidatePostSize"
      +"type": "->"
    }
    16 => {#6947
      +"file": "/var/www/html/vendor/laravel/framework/src/Illuminate/Foundation/Http/Middleware/PreventRequestsDuringMaintenance.php"
      +"line": 99
      +"function": "Illuminate\Pipeline\{closure}"
      +"class": "Illuminate\Pipeline\Pipeline"
      +"type": "->"
    }
    17 => {#6948
      +"file": "/var/www/html/vendor/laravel/framework/src/Illuminate/Pipeline/Pipeline.php"
      +"line": 183
      +"function": "handle"
      +"class": "Illuminate\Foundation\Http\Middleware\PreventRequestsDuringMaintenance"
      +"type": "->"
    }
    18 => {#6949
      +"file": "/var/www/html/vendor/laravel/framework/src/Illuminate/Http/Middleware/HandleCors.php"
      +"line": 49
      +"function": "Illuminate\Pipeline\{closure}"
      +"class": "Illuminate\Pipeline\Pipeline"
      +"type": "->"
    }
    19 => {#6950
      +"file": "/var/www/html/vendor/laravel/framework/src/Illuminate/Pipeline/Pipeline.php"
      +"line": 183
      +"function": "handle"
      +"class": "Illuminate\Http\Middleware\HandleCors"
      +"type": "->"
    }
    20 => {#6951
      +"file": "/var/www/html/vendor/laravel/framework/src/Illuminate/Http/Middleware/TrustProxies.php"
      +"line": 39
      +"function": "Illuminate\Pipeline\{closure}"
      +"class": "Illuminate\Pipeline\Pipeline"
      +"type": "->"
    }
    21 => {#6952
      +"file": "/var/www/html/vendor/laravel/framework/src/Illuminate/Pipeline/Pipeline.php"
      +"line": 183
      +"function": "handle"
      +"class": "Illuminate\Http\Middleware\TrustProxies"
      +"type": "->"
    }
    22 => {#6953
      +"file": "/var/www/html/vendor/laravel/framework/src/Illuminate/Pipeline/Pipeline.php"
      +"line": 119
      +"function": "Illuminate\Pipeline\{closure}"
      +"class": "Illuminate\Pipeline\Pipeline"
      +"type": "->"
    }
    23 => {#6954
      +"file": "/var/www/html/vendor/laravel/framework/src/Illuminate/Foundation/Http/Kernel.php"
      +"line": 175
      +"function": "then"
      +"class": "Illuminate\Pipeline\Pipeline"
      +"type": "->"
    }
    24 => {#6955
      +"file": "/var/www/html/vendor/laravel/framework/src/Illuminate/Foundation/Http/Kernel.php"
      +"line": 144
      +"function": "sendRequestThroughRouter"
      +"class": "Illuminate\Foundation\Http\Kernel"
      +"type": "->"
    }
    25 => {#6956
      +"file": "/var/www/html/vendor/laravel/framework/src/Illuminate/Foundation/Testing/Concerns/MakesHttpRequests.php"
      +"line": 585
      +"function": "handle"
      +"class": "Illuminate\Foundation\Http\Kernel"
      +"type": "->"
    }
    26 => {#6957
      +"file": "/var/www/html/vendor/laravel/framework/src/Illuminate/Foundation/Testing/Concerns/MakesHttpRequests.php"
      +"line": 551
      +"function": "call"
      +"class": "Illuminate\Foundation\Testing\TestCase"
      +"type": "->"
    }
    27 => {#6958
      +"file": "/var/www/html/vendor/laravel/framework/src/Illuminate/Foundation/Testing/Concerns/MakesHttpRequests.php"
      +"line": 359
      +"function": "json"
      +"class": "Illuminate\Foundation\Testing\TestCase"
      +"type": "->"
    }
    28 => {#6959
      +"file": "/var/www/html/tests/Feature/BotApiIntegrationTest.php"
      +"line": 34
      +"function": "getJson"
      +"class": "Illuminate\Foundation\Testing\TestCase"
      +"type": "->"
    }
    29 => {#6960
      +"file": "/var/www/html/vendor/phpunit/phpunit/src/Framework/TestCase.php"
      +"line": 1548
      +"function": "test_bot_api_endpoints_are_protected_without_key"
      +"class": "Tests\Feature\BotApiIntegrationTest"
      +"type": "->"
    }
    30 => {#6961
      +"file": "/var/www/html/vendor/phpunit/phpunit/src/Framework/TestCase.php"
      +"line": 686
      +"function": "runTest"
      +"class": "PHPUnit\Framework\TestCase"
      +"type": "->"
    }
    31 => {#6962
      +"file": "/var/www/html/vendor/phpunit/phpunit/src/Framework/TestRunner.php"
      +"line": 106
      +"function": "runBare"
      +"class": "PHPUnit\Framework\TestCase"
      +"type": "->"
    }
    32 => {#6963
      +"file": "/var/www/html/vendor/phpunit/phpunit/src/Framework/TestCase.php"
      +"line": 516
      +"function": "run"
      +"class": "PHPUnit\Framework\TestRunner"
      +"type": "->"
    }
    33 => {#6964
      +"file": "/var/www/html/vendor/phpunit/phpunit/src/Framework/TestSuite.php"
      +"line": 374
      +"function": "run"
      +"class": "PHPUnit\Framework\TestCase"
      +"type": "->"
    }
    34 => {#6965
      +"file": "/var/www/html/vendor/phpunit/phpunit/src/Framework/TestSuite.php"
      +"line": 374
      +"function": "run"
      +"class": "PHPUnit\Framework\TestSuite"
      +"type": "->"
    }
    35 => {#6966
      +"file": "/var/www/html/vendor/phpunit/phpunit/src/Framework/TestSuite.php"
      +"line": 374
      +"function": "run"
      +"class": "PHPUnit\Framework\TestSuite"
      +"type": "->"
    }
    36 => {#6967
      +"file": "/var/www/html/vendor/phpunit/phpunit/src/TextUI/TestRunner.php"
      +"line": 64
      +"function": "run"
      +"class": "PHPUnit\Framework\TestSuite"
      +"type": "->"
    }
    37 => {#6968
      +"file": "/var/www/html/vendor/phpunit/phpunit/src/TextUI/Application.php"
      +"line": 203
      +"function": "run"
      +"class": "PHPUnit\TextUI\TestRunner"
      +"type": "->"
    }
    38 => {#6969
      +"file": "/var/www/html/vendor/phpunit/phpunit/phpunit"
      +"line": 104
      +"function": "run"
      +"class": "PHPUnit\TextUI\Application"
      +"type": "->"
    }
  ]
} // vendor/laravel/framework/src/Illuminate/Testing/TestResponse.php:1531

   FAIL  Tests\Feature\BotApiIntegrationTest
  Ô¿» bot api endpoints are protected without key                          2.04s  
  Ô¿» bot api allows access with valid key                                 1.24s  
  ÔöÇÔöÇÔöÇÔöÇÔöÇÔöÇÔöÇÔöÇÔöÇÔöÇÔöÇÔöÇÔöÇÔöÇÔöÇÔöÇÔöÇÔöÇÔöÇÔöÇÔöÇÔöÇÔöÇÔöÇÔöÇÔöÇÔöÇÔöÇÔöÇÔöÇÔöÇÔöÇÔöÇÔöÇÔöÇÔöÇÔöÇÔöÇÔöÇÔöÇÔöÇÔöÇÔöÇÔöÇÔöÇÔöÇÔöÇÔöÇÔöÇÔöÇÔöÇÔöÇÔöÇÔöÇÔöÇÔöÇÔöÇÔöÇÔöÇÔöÇÔöÇÔöÇÔöÇÔöÇÔöÇÔöÇÔöÇÔöÇÔöÇÔöÇÔöÇÔöÇÔöÇÔöÇÔöÇÔöÇ  
   FAILED  Tests\Feature\BotApiIntegrationTest > bot api endpoints are proteÔÇª   
  Expected response status code [401] but received 404.
Failed asserting that 404 is identical to 401.

  at tests/Feature/BotApiIntegrationTest.php:39
     35Ôûò             if ($response->status() !== 401) {
     36Ôûò                 dump("Falha no endpoint $endpoint, recebendo " . $response->status());
     37Ôûò                 $response->dump();
     38Ôûò             }
  Ô×£  39Ôûò             $response->assertStatus(401); // Falta do header
     40Ôûò 
     41Ôûò             $responseWrong = $this->withHeader('X-Bot-Api-Key', 'wrong-key')->getJson($endpoint);
     42Ôûò             $responseWrong->assertStatus(401); // Header incorreto
     43Ôûò         }

  ÔöÇÔöÇÔöÇÔöÇÔöÇÔöÇÔöÇÔöÇÔöÇÔöÇÔöÇÔöÇÔöÇÔöÇÔöÇÔöÇÔöÇÔöÇÔöÇÔöÇÔöÇÔöÇÔöÇÔöÇÔöÇÔöÇÔöÇÔöÇÔöÇÔöÇÔöÇÔöÇÔöÇÔöÇÔöÇÔöÇÔöÇÔöÇÔöÇÔöÇÔöÇÔöÇÔöÇÔöÇÔöÇÔöÇÔöÇÔöÇÔöÇÔöÇÔöÇÔöÇÔöÇÔöÇÔöÇÔöÇÔöÇÔöÇÔöÇÔöÇÔöÇÔöÇÔöÇÔöÇÔöÇÔöÇÔöÇÔöÇÔöÇÔöÇÔöÇÔöÇÔöÇÔöÇÔöÇÔöÇ  
   FAILED  Tests\Feature\BotApiIntegrationTest > bot api allows access withÔÇª    
  Endpoint /api/bot/stock bloqueado mesmo com chave correta.
Failed asserting that 401 is not equal to 401.

  at tests/Feature/BotApiIntegrationTest.php:63
     59Ôûò             
     60Ôûò             // Garantir que a autentica├º├úo funcionou (n├úo ├® 401).
     61Ôûò             // A maior parte retornar├í 200 (com array vazio) devido ao banco estar zerado no RefreshDatabase,
     62Ôûò             // ou talvez um status espec├¡fico da valida├º├úo. Importante ├® passar pela seguran├ºa.
  Ô×£  63Ôûò             $this->assertNotEquals(401, $response->getStatusCode(), "Endpoint $endpoint bloqueado mesmo com chave correta.");
     64Ôûò         }
     65Ôûò     }
     66Ôûò }
     67Ôûò

  1   tests/Feature/BotApiIntegrationTest.php:63


  Tests:    2 failed (3 assertions)
  Duration: 6.03s

